// Jest Snapshot v1, https://goo.gl/fbAQLP

exports[`content-type export command filterContentTypesByUri should throw an error for uris which do not exist in the list of content types 1`] = `"The following schema ID(s) could not be found: ['content-type-uri-4']."`;
